// Jest Snapshot v1, https://goo.gl/fbAQLP

exports[`renders correctly 1`] = `
<div
  data-v-app=""
>
  
  <div>
    YÃ¼kleniyor...
  </div>
  <!--v-if-->
  
</div>
`;
